/mnt/c/Users/kubaw/Mój dysk/PROJEKTY PROGRAMOWANIE/Aktywne Projekty/src/java projects/trackAPI/application/trackAPI/src/main/java/com/jakubwawak/administrator/Password_Validator.java
/mnt/c/Users/kubaw/Mój dysk/PROJEKTY PROGRAMOWANIE/Aktywne Projekty/src/java projects/trackAPI/application/trackAPI/src/main/java/com/jakubwawak/trackAPI/UserData_Handler.java
/mnt/c/Users/kubaw/Mój dysk/PROJEKTY PROGRAMOWANIE/Aktywne Projekty/src/java projects/trackAPI/application/trackAPI/src/main/java/com/jakubwawak/administrator/Session_Validator.java
/mnt/c/Users/kubaw/Mój dysk/PROJEKTY PROGRAMOWANIE/Aktywne Projekty/src/java projects/trackAPI/application/trackAPI/src/main/java/com/jakubwawak/maintanance/HealthMonitor.java
/mnt/c/Users/kubaw/Mój dysk/PROJEKTY PROGRAMOWANIE/Aktywne Projekty/src/java projects/trackAPI/application/trackAPI/src/main/java/com/jakubwawak/database/Database_Connector.java
/mnt/c/Users/kubaw/Mój dysk/PROJEKTY PROGRAMOWANIE/Aktywne Projekty/src/java projects/trackAPI/application/trackAPI/src/main/java/com/jakubwawak/trackAPI/TokenAuth_Handler.java
/mnt/c/Users/kubaw/Mój dysk/PROJEKTY PROGRAMOWANIE/Aktywne Projekty/src/java projects/trackAPI/application/trackAPI/src/main/java/com/jakubwawak/trackAPI/TrackApiApplication.java
/mnt/c/Users/kubaw/Mój dysk/PROJEKTY PROGRAMOWANIE/Aktywne Projekty/src/java projects/trackAPI/application/trackAPI/src/main/java/com/jakubwawak/administrator/Configuration.java
/mnt/c/Users/kubaw/Mój dysk/PROJEKTY PROGRAMOWANIE/Aktywne Projekty/src/java projects/trackAPI/application/trackAPI/src/main/java/com/jakubwawak/administrator/RandomString.java
/mnt/c/Users/kubaw/Mój dysk/PROJEKTY PROGRAMOWANIE/Aktywne Projekty/src/java projects/trackAPI/application/trackAPI/src/main/java/com/jakubwawak/administrator/TokenCheck.java
/mnt/c/Users/kubaw/Mój dysk/PROJEKTY PROGRAMOWANIE/Aktywne Projekty/src/java projects/trackAPI/application/trackAPI/src/main/java/com/jakubwawak/trackAPI/Validation_Check.java
/mnt/c/Users/kubaw/Mój dysk/PROJEKTY PROGRAMOWANIE/Aktywne Projekty/src/java projects/trackAPI/application/trackAPI/src/main/java/com/jakubwawak/users/User_Data.java
/mnt/c/Users/kubaw/Mój dysk/PROJEKTY PROGRAMOWANIE/Aktywne Projekty/src/java projects/trackAPI/application/trackAPI/src/main/java/com/jakubwawak/trackAPI/HealthMonitor_Handler.java
/mnt/c/Users/kubaw/Mój dysk/PROJEKTY PROGRAMOWANIE/Aktywne Projekty/src/java projects/trackAPI/application/trackAPI/src/main/java/com/jakubwawak/database/Database_Admin.java
